Component: ARM Compiler 5.06 update 4 (build 422) Tool: armlink [4d35d2]

==============================================================================

Section Cross References

    lpc_software.o(i.I2C0_send_adres_intdata) refers to lpc_software.o(i.I2C0_send_adres_data) for I2C0_send_adres_data
    lpc_software.o(i.PIN_INT0_IRQHandler) refers to lpc_software.o(i.__NVIC_DisableIRQ) for __NVIC_DisableIRQ
    lpc_software.o(i.PIN_INT0_IRQHandler) refers to lpc_software.o(.data) for count
    lpc_software.o(i.PIN_INT1_IRQHandler) refers to lpc_software.o(i.__NVIC_DisableIRQ) for __NVIC_DisableIRQ
    lpc_software.o(i.PIN_INT1_IRQHandler) refers to lpc_software.o(.data) for count
    lpc_software.o(i.PIN_INT2_IRQHandler) refers to lpc_software.o(i.__NVIC_DisableIRQ) for __NVIC_DisableIRQ
    lpc_software.o(i.PIN_INT2_IRQHandler) refers to lpc_software.o(.data) for count
    lpc_software.o(i.PIN_INT3_IRQHandler) refers to lpc_software.o(i.__NVIC_DisableIRQ) for __NVIC_DisableIRQ
    lpc_software.o(i.PIN_INT3_IRQHandler) refers to lpc_software.o(.data) for count
    lpc_software.o(i.PIN_INT4_IRQHandler) refers to lpc_software.o(i.__NVIC_DisableIRQ) for __NVIC_DisableIRQ
    lpc_software.o(i.PIN_INT4_IRQHandler) refers to lpc_software.o(.data) for count
    lpc_software.o(i.PIN_INT5_IRQHandler) refers to lpc_software.o(i.__NVIC_DisableIRQ) for __NVIC_DisableIRQ
    lpc_software.o(i.PIN_INT5_IRQHandler) refers to lpc_software.o(.data) for count
    lpc_software.o(i.PIN_INT6_IRQHandler) refers to lpc_software.o(i.__NVIC_DisableIRQ) for __NVIC_DisableIRQ
    lpc_software.o(i.PIN_INT6_IRQHandler) refers to lpc_software.o(.data) for count
    lpc_software.o(i.PIN_INT7_IRQHandler) refers to lpc_software.o(i.__NVIC_DisableIRQ) for __NVIC_DisableIRQ
    lpc_software.o(i.PIN_INT7_IRQHandler) refers to lpc_software.o(.data) for count
    lpc_software.o(i.initial_pinint) refers to lpc_software.o(i.__NVIC_DisableIRQ) for __NVIC_DisableIRQ
    lpc_software.o(i.main) refers to lpc_software.o(i.initial_pll) for initial_pll
    lpc_software.o(i.main) refers to lpc_software.o(i.I2C_init) for I2C_init
    lpc_software.o(i.main) refers to lpc_software.o(i.initial_pinint) for initial_pinint
    lpc_software.o(i.main) refers to lpc_software.o(i.initial_MRT) for initial_MRT
    lpc_software.o(i.main) refers to lpc_software.o(i.I2C0_read_adres_2bytesdata) for I2C0_read_adres_2bytesdata
    lpc_software.o(i.main) refers to lpc_software.o(i.test) for test
    lpc_software.o(i.main) refers to lpc_software.o(.data) for data_i2c
    lpc_software.o(i.test) refers to lpc_software.o(i.__ARM_common_switch8) for __ARM_common_switch8
    lpc_software.o(i.test) refers to lpc_software.o(i.__NVIC_EnableIRQ) for __NVIC_EnableIRQ
    lpc_software.o(i.test) refers to lpc_software.o(i.I2C0_send_adres_intdata) for I2C0_send_adres_intdata
    lpc_software.o(i.test) refers to lpc_software.o(.bss) for timer
    lpc_software.o(i.test) refers to lpc_software.o(.data) for count
    lpc_software.o(.data) refers to lpc_software.o(.bss) for timer
    startup_lpc82x.o(STACK) refers (Special) to heapauxi.o(.text) for __use_two_region_memory
    startup_lpc82x.o(HEAP) refers (Special) to heapauxi.o(.text) for __use_two_region_memory
    startup_lpc82x.o(RESET) refers (Special) to heapauxi.o(.text) for __use_two_region_memory
    startup_lpc82x.o(RESET) refers to startup_lpc82x.o(STACK) for __initial_sp
    startup_lpc82x.o(RESET) refers to startup_lpc82x.o(.text) for Reset_Handler
    startup_lpc82x.o(RESET) refers to lpc_software.o(i.PIN_INT0_IRQHandler) for PIN_INT0_IRQHandler
    startup_lpc82x.o(RESET) refers to lpc_software.o(i.PIN_INT1_IRQHandler) for PIN_INT1_IRQHandler
    startup_lpc82x.o(RESET) refers to lpc_software.o(i.PIN_INT2_IRQHandler) for PIN_INT2_IRQHandler
    startup_lpc82x.o(RESET) refers to lpc_software.o(i.PIN_INT3_IRQHandler) for PIN_INT3_IRQHandler
    startup_lpc82x.o(RESET) refers to lpc_software.o(i.PIN_INT4_IRQHandler) for PIN_INT4_IRQHandler
    startup_lpc82x.o(RESET) refers to lpc_software.o(i.PIN_INT5_IRQHandler) for PIN_INT5_IRQHandler
    startup_lpc82x.o(RESET) refers to lpc_software.o(i.PIN_INT6_IRQHandler) for PIN_INT6_IRQHandler
    startup_lpc82x.o(RESET) refers to lpc_software.o(i.PIN_INT7_IRQHandler) for PIN_INT7_IRQHandler
    startup_lpc82x.o(.ARM.__at_0x02FC) refers (Special) to heapauxi.o(.text) for __use_two_region_memory
    startup_lpc82x.o(.text) refers (Special) to heapauxi.o(.text) for __use_two_region_memory
    startup_lpc82x.o(.text) refers to system_lpc82x.o(i.SystemInit) for SystemInit
    startup_lpc82x.o(.text) refers to __main.o(!!!main) for __main
    startup_lpc82x.o(.text) refers to startup_lpc82x.o(HEAP) for Heap_Mem
    startup_lpc82x.o(.text) refers to startup_lpc82x.o(STACK) for Stack_Mem
    system_lpc82x.o(i.SystemCoreClockUpdate) refers to lpc_software.o(i.__ARM_common_switch8) for __ARM_common_switch8
    system_lpc82x.o(i.SystemCoreClockUpdate) refers to aeabi_sdiv.o(.text) for __aeabi_uidivmod
    system_lpc82x.o(i.SystemCoreClockUpdate) refers to system_lpc82x.o(.data) for SystemCoreClock
    __main.o(!!!main) refers to __rtentry.o(.ARM.Collect$$rtentry$$00000000) for __rt_entry
    __rtentry.o(.ARM.Collect$$rtentry$$00000000) refers (Special) to __rtentry2.o(.ARM.Collect$$rtentry$$0000000A) for __rt_entry_li
    __rtentry.o(.ARM.Collect$$rtentry$$00000000) refers (Special) to __rtentry2.o(.ARM.Collect$$rtentry$$0000000D) for __rt_entry_main
    __rtentry.o(.ARM.Collect$$rtentry$$00000000) refers (Special) to __rtentry2.o(.ARM.Collect$$rtentry$$0000000C) for __rt_entry_postli_1
    __rtentry.o(.ARM.Collect$$rtentry$$00000000) refers (Special) to __rtentry2.o(.ARM.Collect$$rtentry$$00000009) for __rt_entry_postsh_1
    __rtentry.o(.ARM.Collect$$rtentry$$00000000) refers (Special) to __rtentry2.o(.ARM.Collect$$rtentry$$00000002) for __rt_entry_presh_1
    __rtentry.o(.ARM.Collect$$rtentry$$00000000) refers (Special) to __rtentry4.o(.ARM.Collect$$rtentry$$00000004) for __rt_entry_sh
    aeabi_idiv0_sigfpe.o(.text) refers to rt_div0.o(.text) for __rt_div0
    __rtentry2.o(.ARM.Collect$$rtentry$$00000008) refers to boardinit2.o(.text) for _platform_post_stackheap_init
    __rtentry2.o(.ARM.Collect$$rtentry$$0000000A) refers to libinit.o(.ARM.Collect$$libinit$$00000000) for __rt_lib_init
    __rtentry2.o(.ARM.Collect$$rtentry$$0000000B) refers to boardinit3.o(.text) for _platform_post_lib_init
    __rtentry2.o(.ARM.Collect$$rtentry$$0000000D) refers to lpc_software.o(i.main) for main
    __rtentry2.o(.ARM.Collect$$rtentry$$0000000D) refers to exit.o(.text) for exit
    __rtentry2.o(.ARM.exidx) refers to __rtentry2.o(.ARM.Collect$$rtentry$$00000001) for .ARM.Collect$$rtentry$$00000001
    __rtentry2.o(.ARM.exidx) refers to __rtentry2.o(.ARM.Collect$$rtentry$$00000008) for .ARM.Collect$$rtentry$$00000008
    __rtentry2.o(.ARM.exidx) refers to __rtentry2.o(.ARM.Collect$$rtentry$$0000000A) for .ARM.Collect$$rtentry$$0000000A
    __rtentry2.o(.ARM.exidx) refers to __rtentry2.o(.ARM.Collect$$rtentry$$0000000B) for .ARM.Collect$$rtentry$$0000000B
    __rtentry2.o(.ARM.exidx) refers to __rtentry2.o(.ARM.Collect$$rtentry$$0000000D) for .ARM.Collect$$rtentry$$0000000D
    __rtentry4.o(.ARM.Collect$$rtentry$$00000004) refers to sys_stackheap_outer.o(.text) for __user_setup_stackheap
    __rtentry4.o(.ARM.exidx) refers to __rtentry4.o(.ARM.Collect$$rtentry$$00000004) for .ARM.Collect$$rtentry$$00000004
    rt_div0.o(.text) refers to defsig_fpe_outer.o(.text) for __rt_SIGFPE
    sys_stackheap_outer.o(.text) refers to libspace.o(.text) for __user_perproc_libspace
    sys_stackheap_outer.o(.text) refers to startup_lpc82x.o(.text) for __user_initial_stackheap
    sys_stackheap_outer.o(__vectab_stack_and_reset_area) refers to tempstk.o(.text) for __temporary_stack_top
    sys_stackheap_outer.o(__vectab_stack_and_reset_area) refers to __main.o(!!!main) for __main
    exit.o(.text) refers to rtexit.o(.ARM.Collect$$rtexit$$00000000) for __rt_exit
    defsig_fpe_outer.o(.text) refers to defsig_fpe_inner.o(.text) for __rt_SIGFPE_inner
    defsig_fpe_outer.o(.text) refers to defsig_exit.o(.text) for __sig_exit
    defsig_fpe_formal.o(.text) refers to rt_raise.o(.text) for __rt_raise
    libinit.o(.ARM.Collect$$libinit$$00000000) refers (Special) to libinit2.o(.ARM.Collect$$libinit$$0000002E) for __rt_lib_init_alloca_1
    libinit.o(.ARM.Collect$$libinit$$00000000) refers (Special) to libinit2.o(.ARM.Collect$$libinit$$0000002C) for __rt_lib_init_argv_1
    libinit.o(.ARM.Collect$$libinit$$00000000) refers (Special) to libinit2.o(.ARM.Collect$$libinit$$0000001B) for __rt_lib_init_atexit_1
    libinit.o(.ARM.Collect$$libinit$$00000000) refers (Special) to libinit2.o(.ARM.Collect$$libinit$$00000021) for __rt_lib_init_clock_1
    libinit.o(.ARM.Collect$$libinit$$00000000) refers (Special) to libinit2.o(.ARM.Collect$$libinit$$00000032) for __rt_lib_init_cpp_1
    libinit.o(.ARM.Collect$$libinit$$00000000) refers (Special) to libinit2.o(.ARM.Collect$$libinit$$00000030) for __rt_lib_init_exceptions_1
    libinit.o(.ARM.Collect$$libinit$$00000000) refers (Special) to libinit2.o(.ARM.Collect$$libinit$$00000002) for __rt_lib_init_fp_1
    libinit.o(.ARM.Collect$$libinit$$00000000) refers (Special) to libinit2.o(.ARM.Collect$$libinit$$0000001F) for __rt_lib_init_fp_trap_1
    libinit.o(.ARM.Collect$$libinit$$00000000) refers (Special) to libinit2.o(.ARM.Collect$$libinit$$00000023) for __rt_lib_init_getenv_1
    libinit.o(.ARM.Collect$$libinit$$00000000) refers (Special) to libinit2.o(.ARM.Collect$$libinit$$0000000A) for __rt_lib_init_heap_1
    libinit.o(.ARM.Collect$$libinit$$00000000) refers (Special) to libinit2.o(.ARM.Collect$$libinit$$00000011) for __rt_lib_init_lc_collate_1
    libinit.o(.ARM.Collect$$libinit$$00000000) refers (Special) to libinit2.o(.ARM.Collect$$libinit$$00000013) for __rt_lib_init_lc_ctype_1
    libinit.o(.ARM.Collect$$libinit$$00000000) refers (Special) to libinit2.o(.ARM.Collect$$libinit$$00000015) for __rt_lib_init_lc_monetary_1
    libinit.o(.ARM.Collect$$libinit$$00000000) refers (Special) to libinit2.o(.ARM.Collect$$libinit$$00000017) for __rt_lib_init_lc_numeric_1
    libinit.o(.ARM.Collect$$libinit$$00000000) refers (Special) to libinit2.o(.ARM.Collect$$libinit$$00000019) for __rt_lib_init_lc_time_1
    libinit.o(.ARM.Collect$$libinit$$00000000) refers (Special) to libinit2.o(.ARM.Collect$$libinit$$00000004) for __rt_lib_init_preinit_1
    libinit.o(.ARM.Collect$$libinit$$00000000) refers (Special) to libinit2.o(.ARM.Collect$$libinit$$0000000E) for __rt_lib_init_rand_1
    libinit.o(.ARM.Collect$$libinit$$00000000) refers (Special) to libinit2.o(.ARM.Collect$$libinit$$00000033) for __rt_lib_init_return
    libinit.o(.ARM.Collect$$libinit$$00000000) refers (Special) to libinit2.o(.ARM.Collect$$libinit$$0000001D) for __rt_lib_init_signal_1
    libinit.o(.ARM.Collect$$libinit$$00000000) refers (Special) to libinit2.o(.ARM.Collect$$libinit$$00000025) for __rt_lib_init_stdio_1
    libinit.o(.ARM.Collect$$libinit$$00000000) refers (Special) to libinit2.o(.ARM.Collect$$libinit$$0000000C) for __rt_lib_init_user_alloc_1
    libspace.o(.text) refers to libspace.o(.bss) for __libspace_start
    rtexit.o(.ARM.Collect$$rtexit$$00000000) refers (Special) to rtexit2.o(.ARM.Collect$$rtexit$$00000004) for __rt_exit_exit
    rtexit.o(.ARM.Collect$$rtexit$$00000000) refers (Special) to rtexit2.o(.ARM.Collect$$rtexit$$00000003) for __rt_exit_ls
    rtexit.o(.ARM.Collect$$rtexit$$00000000) refers (Special) to rtexit2.o(.ARM.Collect$$rtexit$$00000002) for __rt_exit_prels_1
    rtexit.o(.ARM.exidx) refers (Special) to rtexit2.o(.ARM.Collect$$rtexit$$00000004) for __rt_exit_exit
    rtexit.o(.ARM.exidx) refers (Special) to rtexit2.o(.ARM.Collect$$rtexit$$00000003) for __rt_exit_ls
    rtexit.o(.ARM.exidx) refers (Special) to rtexit2.o(.ARM.Collect$$rtexit$$00000002) for __rt_exit_prels_1
    rtexit.o(.ARM.exidx) refers to rtexit.o(.ARM.Collect$$rtexit$$00000000) for .ARM.Collect$$rtexit$$00000000
    rt_raise.o(.text) refers to __raise.o(.text) for __raise
    rt_raise.o(.text) refers to sys_exit.o(.text) for _sys_exit
    defsig_exit.o(.text) refers to sys_exit.o(.text) for _sys_exit
    defsig_fpe_inner.o(.text) refers to defsig_general.o(.text) for __default_signal_display
    libinit2.o(.ARM.Collect$$libinit$$00000010) refers to libinit2.o(.ARM.Collect$$libinit$$0000000F) for .ARM.Collect$$libinit$$0000000F
    libinit2.o(.ARM.Collect$$libinit$$00000012) refers to libinit2.o(.ARM.Collect$$libinit$$0000000F) for .ARM.Collect$$libinit$$0000000F
    libinit2.o(.ARM.Collect$$libinit$$00000014) refers to libinit2.o(.ARM.Collect$$libinit$$0000000F) for .ARM.Collect$$libinit$$0000000F
    libinit2.o(.ARM.Collect$$libinit$$00000016) refers to libinit2.o(.ARM.Collect$$libinit$$0000000F) for .ARM.Collect$$libinit$$0000000F
    libinit2.o(.ARM.Collect$$libinit$$00000018) refers to libinit2.o(.ARM.Collect$$libinit$$0000000F) for .ARM.Collect$$libinit$$0000000F
    libinit2.o(.ARM.Collect$$libinit$$00000026) refers to argv_veneer.o(.text) for __ARM_argv_veneer
    libinit2.o(.ARM.Collect$$libinit$$00000027) refers to argv_veneer.o(.text) for __ARM_argv_veneer
    sys_exit.o(.text) refers (Special) to use_no_semi.o(.text) for __I$use$semihosting
    sys_exit.o(.text) refers (Special) to indicate_semi.o(.text) for __semihosting_library_function
    rtexit2.o(.ARM.Collect$$rtexit$$00000003) refers to libshutdown.o(.ARM.Collect$$libshutdown$$00000000) for __rt_lib_shutdown
    rtexit2.o(.ARM.Collect$$rtexit$$00000004) refers to sys_exit.o(.text) for _sys_exit
    rtexit2.o(.ARM.exidx) refers to rtexit2.o(.ARM.Collect$$rtexit$$00000001) for .ARM.Collect$$rtexit$$00000001
    rtexit2.o(.ARM.exidx) refers to rtexit2.o(.ARM.Collect$$rtexit$$00000003) for .ARM.Collect$$rtexit$$00000003
    rtexit2.o(.ARM.exidx) refers to rtexit2.o(.ARM.Collect$$rtexit$$00000004) for .ARM.Collect$$rtexit$$00000004
    __raise.o(.text) refers to defsig.o(CL$$defsig) for __default_signal_handler
    defsig_general.o(.text) refers to sys_wrch.o(.text) for _ttywrch
    sys_wrch.o(.text) refers (Special) to use_no_semi.o(.text) for __I$use$semihosting
    sys_wrch.o(.text) refers (Special) to indicate_semi.o(.text) for __semihosting_library_function
    defsig.o(CL$$defsig) refers to defsig_fpe_inner.o(.text) for __rt_SIGFPE_inner
    defsig.o(CL$$defsig) refers to defsig_rtmem_inner.o(.text) for __rt_SIGRTMEM_inner
    _get_argv_nomalloc.o(.text) refers (Special) to hrguard.o(.text) for __heap_region$guard
    _get_argv_nomalloc.o(.text) refers to defsig_rtmem_outer.o(.text) for __rt_SIGRTMEM
    _get_argv_nomalloc.o(.text) refers to sys_command.o(.text) for _sys_command_string
    libshutdown.o(.ARM.Collect$$libshutdown$$00000000) refers (Special) to libshutdown2.o(.ARM.Collect$$libshutdown$$00000002) for __rt_lib_shutdown_cpp_1
    libshutdown.o(.ARM.Collect$$libshutdown$$00000000) refers (Special) to libshutdown2.o(.ARM.Collect$$libshutdown$$00000007) for __rt_lib_shutdown_fp_trap_1
    libshutdown.o(.ARM.Collect$$libshutdown$$00000000) refers (Special) to libshutdown2.o(.ARM.Collect$$libshutdown$$0000000F) for __rt_lib_shutdown_heap_1
    libshutdown.o(.ARM.Collect$$libshutdown$$00000000) refers (Special) to libshutdown2.o(.ARM.Collect$$libshutdown$$00000010) for __rt_lib_shutdown_return
    libshutdown.o(.ARM.Collect$$libshutdown$$00000000) refers (Special) to libshutdown2.o(.ARM.Collect$$libshutdown$$0000000A) for __rt_lib_shutdown_signal_1
    libshutdown.o(.ARM.Collect$$libshutdown$$00000000) refers (Special) to libshutdown2.o(.ARM.Collect$$libshutdown$$00000004) for __rt_lib_shutdown_stdio_1
    libshutdown.o(.ARM.Collect$$libshutdown$$00000000) refers (Special) to libshutdown2.o(.ARM.Collect$$libshutdown$$0000000C) for __rt_lib_shutdown_user_alloc_1
    sys_command.o(.text) refers (Special) to use_no_semi.o(.text) for __I$use$semihosting
    sys_command.o(.text) refers (Special) to indicate_semi.o(.text) for __semihosting_library_function
    defsig_abrt_inner.o(.text) refers to defsig_general.o(.text) for __default_signal_display
    defsig_rtred_inner.o(.text) refers to defsig_general.o(.text) for __default_signal_display
    defsig_rtmem_inner.o(.text) refers to defsig_general.o(.text) for __default_signal_display
    defsig_rtmem_outer.o(.text) refers to defsig_rtmem_inner.o(.text) for __rt_SIGRTMEM_inner
    defsig_rtmem_outer.o(.text) refers to defsig_exit.o(.text) for __sig_exit
    defsig_rtmem_formal.o(.text) refers to rt_raise.o(.text) for __rt_raise
    defsig_stak_inner.o(.text) refers to defsig_general.o(.text) for __default_signal_display
    defsig_pvfn_inner.o(.text) refers to defsig_general.o(.text) for __default_signal_display
    defsig_cppl_inner.o(.text) refers to defsig_general.o(.text) for __default_signal_display
    defsig_segv_inner.o(.text) refers to defsig_general.o(.text) for __default_signal_display
    defsig_other.o(.text) refers to defsig_general.o(.text) for __default_signal_display


==============================================================================

Removing Unused input sections from the image.

    Removing lpc_software.o(.rev16_text), (4 bytes).
    Removing lpc_software.o(.revsh_text), (4 bytes).
    Removing lpc_software.o(i.I2C0_read_adres_data), (120 bytes).
    Removing lpc_software.o(i.I2C0_read_adres_intdata), (292 bytes).
    Removing lpc_software.o(i.changechannel), (2 bytes).
    Removing lpc_software.o(i.initial_SPI), (124 bytes).
    Removing system_lpc82x.o(.rev16_text), (4 bytes).
    Removing system_lpc82x.o(.revsh_text), (4 bytes).
    Removing system_lpc82x.o(i.SystemCoreClockUpdate), (424 bytes).
    Removing system_lpc82x.o(.data), (4 bytes).

10 unused section(s) (total 982 bytes) removed from the image.

==============================================================================

Image Symbol Table

    Local Symbols

    Symbol Name                              Value     Ov Type        Size  Object(Section)

    RESET                                    0x00000000   Section      192  startup_lpc82x.o(RESET)
    ../clib/angel/boardlib.s                 0x00000000   Number         0  boardinit2.o ABSOLUTE
    ../clib/angel/boardlib.s                 0x00000000   Number         0  boardshut.o ABSOLUTE
    ../clib/angel/boardlib.s                 0x00000000   Number         0  boardinit1.o ABSOLUTE
    ../clib/angel/boardlib.s                 0x00000000   Number         0  boardinit3.o ABSOLUTE
    ../clib/angel/handlers.s                 0x00000000   Number         0  __scatter_copy.o ABSOLUTE
    ../clib/angel/handlers.s                 0x00000000   Number         0  __scatter_zi.o ABSOLUTE
    ../clib/angel/kernel.s                   0x00000000   Number         0  __rtentry.o ABSOLUTE
    ../clib/angel/kernel.s                   0x00000000   Number         0  __rtentry2.o ABSOLUTE
    ../clib/angel/kernel.s                   0x00000000   Number         0  __rtentry4.o ABSOLUTE
    ../clib/angel/kernel.s                   0x00000000   Number         0  rtexit2.o ABSOLUTE
    ../clib/angel/kernel.s                   0x00000000   Number         0  rtexit.o ABSOLUTE
    ../clib/angel/rt.s                       0x00000000   Number         0  aeabi_idiv0.o ABSOLUTE
    ../clib/angel/rt.s                       0x00000000   Number         0  aeabi_idiv0_sigfpe.o ABSOLUTE
    ../clib/angel/rt.s                       0x00000000   Number         0  rt_div0.o ABSOLUTE
    ../clib/angel/rt.s                       0x00000000   Number         0  rt_raise.o ABSOLUTE
    ../clib/angel/scatterp.s                 0x00000000   Number         0  __scatter.o ABSOLUTE
    ../clib/angel/startup.s                  0x00000000   Number         0  __main.o ABSOLUTE
    ../clib/angel/sys.s                      0x00000000   Number         0  use_no_semi.o ABSOLUTE
    ../clib/angel/sys.s                      0x00000000   Number         0  sys_stackheap_outer.o ABSOLUTE
    ../clib/angel/sys.s                      0x00000000   Number         0  tempstk.o ABSOLUTE
    ../clib/angel/sys.s                      0x00000000   Number         0  indicate_semi.o ABSOLUTE
    ../clib/angel/sys.s                      0x00000000   Number         0  libspace.o ABSOLUTE
    ../clib/angel/sysapp.c                   0x00000000   Number         0  sys_command.o ABSOLUTE
    ../clib/angel/sysapp.c                   0x00000000   Number         0  sys_wrch.o ABSOLUTE
    ../clib/angel/sysapp.c                   0x00000000   Number         0  sys_exit.o ABSOLUTE
    ../clib/armsys.c                         0x00000000   Number         0  argv_veneer.o ABSOLUTE
    ../clib/armsys.c                         0x00000000   Number         0  _get_argv_nomalloc.o ABSOLUTE
    ../clib/armsys.c                         0x00000000   Number         0  no_argv.o ABSOLUTE
    ../clib/division.s                       0x00000000   Number         0  aeabi_sdiv.o ABSOLUTE
    ../clib/division.s                       0x00000000   Number         0  aeabi_sdiv_div0.o ABSOLUTE
    ../clib/heapalloc.c                      0x00000000   Number         0  hrguard.o ABSOLUTE
    ../clib/heapaux.c                        0x00000000   Number         0  heapauxi.o ABSOLUTE
    ../clib/libinit.s                        0x00000000   Number         0  libshutdown2.o ABSOLUTE
    ../clib/libinit.s                        0x00000000   Number         0  libinit.o ABSOLUTE
    ../clib/libinit.s                        0x00000000   Number         0  libshutdown.o ABSOLUTE
    ../clib/libinit.s                        0x00000000   Number         0  libinit2.o ABSOLUTE
    ../clib/signal.c                         0x00000000   Number         0  defsig_segv_inner.o ABSOLUTE
    ../clib/signal.c                         0x00000000   Number         0  defsig_other.o ABSOLUTE
    ../clib/signal.c                         0x00000000   Number         0  defsig_fpe_outer.o ABSOLUTE
    ../clib/signal.c                         0x00000000   Number         0  defsig_fpe_formal.o ABSOLUTE
    ../clib/signal.c                         0x00000000   Number         0  defsig_stak_inner.o ABSOLUTE
    ../clib/signal.c                         0x00000000   Number         0  defsig_exit.o ABSOLUTE
    ../clib/signal.c                         0x00000000   Number         0  defsig_fpe_inner.o ABSOLUTE
    ../clib/signal.c                         0x00000000   Number         0  __raise.o ABSOLUTE
    ../clib/signal.c                         0x00000000   Number         0  defsig_general.o ABSOLUTE
    ../clib/signal.c                         0x00000000   Number         0  defsig_abrt_inner.o ABSOLUTE
    ../clib/signal.c                         0x00000000   Number         0  defsig_rtred_inner.o ABSOLUTE
    ../clib/signal.c                         0x00000000   Number         0  defsig_rtmem_inner.o ABSOLUTE
    ../clib/signal.c                         0x00000000   Number         0  defsig_rtmem_outer.o ABSOLUTE
    ../clib/signal.c                         0x00000000   Number         0  defsig_rtmem_formal.o ABSOLUTE
    ../clib/signal.c                         0x00000000   Number         0  defsig_pvfn_inner.o ABSOLUTE
    ../clib/signal.c                         0x00000000   Number         0  defsig_cppl_inner.o ABSOLUTE
    ../clib/signal.s                         0x00000000   Number         0  defsig.o ABSOLUTE
    ../clib/stdlib.c                         0x00000000   Number         0  exit.o ABSOLUTE
    ../fplib/cfplib/fpinit.c                 0x00000000   Number         0  fpinit.o ABSOLUTE
    LPC_software.c                           0x00000000   Number         0  lpc_software.o ABSOLUTE
    LPC_software.c                           0x00000000   Number         0  lpc_software.o ABSOLUTE
    RTE\Device\LPC824M201JDH20\startup_LPC82x.s 0x00000000   Number         0  startup_lpc82x.o ABSOLUTE
    RTE\Device\LPC824M201JDH20\system_LPC82x.c 0x00000000   Number         0  system_lpc82x.o ABSOLUTE
    RTE\\Device\\LPC824M201JDH20\\system_LPC82x.c 0x00000000   Number         0  system_lpc82x.o ABSOLUTE
    dc.s                                     0x00000000   Number         0  dc.o ABSOLUTE
    !!!main                                  0x000000c0   Section        8  __main.o(!!!main)
    !!!scatter                               0x000000c8   Section       60  __scatter.o(!!!scatter)
    !!handler_copy                           0x00000104   Section       26  __scatter_copy.o(!!handler_copy)
    !!handler_zi                             0x00000120   Section       28  __scatter_zi.o(!!handler_zi)
    .ARM.Collect$$libinit$$00000000          0x0000013c   Section        2  libinit.o(.ARM.Collect$$libinit$$00000000)
    .ARM.Collect$$libinit$$00000002          0x0000013e   Section        0  libinit2.o(.ARM.Collect$$libinit$$00000002)
    .ARM.Collect$$libinit$$00000004          0x0000013e   Section        0  libinit2.o(.ARM.Collect$$libinit$$00000004)
    .ARM.Collect$$libinit$$0000000A          0x0000013e   Section        0  libinit2.o(.ARM.Collect$$libinit$$0000000A)
    .ARM.Collect$$libinit$$0000000C          0x0000013e   Section        0  libinit2.o(.ARM.Collect$$libinit$$0000000C)
    .ARM.Collect$$libinit$$0000000E          0x0000013e   Section        0  libinit2.o(.ARM.Collect$$libinit$$0000000E)
    .ARM.Collect$$libinit$$00000011          0x0000013e   Section        0  libinit2.o(.ARM.Collect$$libinit$$00000011)
    .ARM.Collect$$libinit$$00000013          0x0000013e   Section        0  libinit2.o(.ARM.Collect$$libinit$$00000013)
    .ARM.Collect$$libinit$$00000015          0x0000013e   Section        0  libinit2.o(.ARM.Collect$$libinit$$00000015)
    .ARM.Collect$$libinit$$00000017          0x0000013e   Section        0  libinit2.o(.ARM.Collect$$libinit$$00000017)
    .ARM.Collect$$libinit$$00000019          0x0000013e   Section        0  libinit2.o(.ARM.Collect$$libinit$$00000019)
    .ARM.Collect$$libinit$$0000001B          0x0000013e   Section        0  libinit2.o(.ARM.Collect$$libinit$$0000001B)
    .ARM.Collect$$libinit$$0000001D          0x0000013e   Section        0  libinit2.o(.ARM.Collect$$libinit$$0000001D)
    .ARM.Collect$$libinit$$0000001F          0x0000013e   Section        0  libinit2.o(.ARM.Collect$$libinit$$0000001F)
    .ARM.Collect$$libinit$$00000021          0x0000013e   Section        0  libinit2.o(.ARM.Collect$$libinit$$00000021)
    .ARM.Collect$$libinit$$00000023          0x0000013e   Section        0  libinit2.o(.ARM.Collect$$libinit$$00000023)
    .ARM.Collect$$libinit$$00000025          0x0000013e   Section        0  libinit2.o(.ARM.Collect$$libinit$$00000025)
    .ARM.Collect$$libinit$$0000002C          0x0000013e   Section        0  libinit2.o(.ARM.Collect$$libinit$$0000002C)
    .ARM.Collect$$libinit$$0000002E          0x0000013e   Section        0  libinit2.o(.ARM.Collect$$libinit$$0000002E)
    .ARM.Collect$$libinit$$00000030          0x0000013e   Section        0  libinit2.o(.ARM.Collect$$libinit$$00000030)
    .ARM.Collect$$libinit$$00000032          0x0000013e   Section        0  libinit2.o(.ARM.Collect$$libinit$$00000032)
    .ARM.Collect$$libinit$$00000033          0x0000013e   Section        2  libinit2.o(.ARM.Collect$$libinit$$00000033)
    .ARM.Collect$$libshutdown$$00000000      0x00000140   Section        2  libshutdown.o(.ARM.Collect$$libshutdown$$00000000)
    .ARM.Collect$$libshutdown$$00000002      0x00000142   Section        0  libshutdown2.o(.ARM.Collect$$libshutdown$$00000002)
    .ARM.Collect$$libshutdown$$00000004      0x00000142   Section        0  libshutdown2.o(.ARM.Collect$$libshutdown$$00000004)
    .ARM.Collect$$libshutdown$$00000007      0x00000142   Section        0  libshutdown2.o(.ARM.Collect$$libshutdown$$00000007)
    .ARM.Collect$$libshutdown$$0000000A      0x00000142   Section        0  libshutdown2.o(.ARM.Collect$$libshutdown$$0000000A)
    .ARM.Collect$$libshutdown$$0000000C      0x00000142   Section        0  libshutdown2.o(.ARM.Collect$$libshutdown$$0000000C)
    .ARM.Collect$$libshutdown$$0000000F      0x00000142   Section        0  libshutdown2.o(.ARM.Collect$$libshutdown$$0000000F)
    .ARM.Collect$$libshutdown$$00000010      0x00000142   Section        2  libshutdown2.o(.ARM.Collect$$libshutdown$$00000010)
    .ARM.Collect$$rtentry$$00000000          0x00000144   Section        0  __rtentry.o(.ARM.Collect$$rtentry$$00000000)
    .ARM.Collect$$rtentry$$00000002          0x00000144   Section        0  __rtentry2.o(.ARM.Collect$$rtentry$$00000002)
    .ARM.Collect$$rtentry$$00000004          0x00000144   Section        6  __rtentry4.o(.ARM.Collect$$rtentry$$00000004)
    .ARM.Collect$$rtentry$$00000009          0x0000014a   Section        0  __rtentry2.o(.ARM.Collect$$rtentry$$00000009)
    .ARM.Collect$$rtentry$$0000000A          0x0000014a   Section        4  __rtentry2.o(.ARM.Collect$$rtentry$$0000000A)
    .ARM.Collect$$rtentry$$0000000C          0x0000014e   Section        0  __rtentry2.o(.ARM.Collect$$rtentry$$0000000C)
    .ARM.Collect$$rtentry$$0000000D          0x0000014e   Section        8  __rtentry2.o(.ARM.Collect$$rtentry$$0000000D)
    .ARM.Collect$$rtexit$$00000000           0x00000156   Section        2  rtexit.o(.ARM.Collect$$rtexit$$00000000)
    .ARM.Collect$$rtexit$$00000002           0x00000158   Section        0  rtexit2.o(.ARM.Collect$$rtexit$$00000002)
    .ARM.Collect$$rtexit$$00000003           0x00000158   Section        4  rtexit2.o(.ARM.Collect$$rtexit$$00000003)
    .ARM.Collect$$rtexit$$00000004           0x0000015c   Section        6  rtexit2.o(.ARM.Collect$$rtexit$$00000004)
    .text                                    0x00000164   Section       52  startup_lpc82x.o(.text)
    .text                                    0x00000198   Section        0  heapauxi.o(.text)
    .text                                    0x0000019e   Section       62  sys_stackheap_outer.o(.text)
    .text                                    0x000001dc   Section        0  exit.o(.text)
    .text                                    0x000001ec   Section        8  libspace.o(.text)
    .text                                    0x000001f4   Section        0  sys_exit.o(.text)
    .text                                    0x00000200   Section        2  use_no_semi.o(.text)
    .text                                    0x00000202   Section        0  indicate_semi.o(.text)
    i.I2C0_read_adres_2bytesdata             0x00000204   Section        0  lpc_software.o(i.I2C0_read_adres_2bytesdata)
    i.I2C0_send_adres_intdata                0x000002b0   Section        0  lpc_software.o(i.I2C0_send_adres_intdata)
    i.__ARM_common_switch8                   0x000002d4   Section        0  lpc_software.o(i.__ARM_common_switch8)
    .ARM.__at_0x02FC                         0x000002fc   Section        4  startup_lpc82x.o(.ARM.__at_0x02FC)
    i.I2C0_send_adres_data                   0x00000300   Section        0  lpc_software.o(i.I2C0_send_adres_data)
    i.I2C_init                               0x0000036c   Section        0  lpc_software.o(i.I2C_init)
    i.PIN_INT0_IRQHandler                    0x000003e4   Section        0  lpc_software.o(i.PIN_INT0_IRQHandler)
    i.PIN_INT1_IRQHandler                    0x0000042c   Section        0  lpc_software.o(i.PIN_INT1_IRQHandler)
    i.PIN_INT2_IRQHandler                    0x00000474   Section        0  lpc_software.o(i.PIN_INT2_IRQHandler)
    i.PIN_INT3_IRQHandler                    0x000004bc   Section        0  lpc_software.o(i.PIN_INT3_IRQHandler)
    i.PIN_INT4_IRQHandler                    0x00000504   Section        0  lpc_software.o(i.PIN_INT4_IRQHandler)
    i.PIN_INT5_IRQHandler                    0x0000054c   Section        0  lpc_software.o(i.PIN_INT5_IRQHandler)
    i.PIN_INT6_IRQHandler                    0x00000594   Section        0  lpc_software.o(i.PIN_INT6_IRQHandler)
    i.PIN_INT7_IRQHandler                    0x000005dc   Section        0  lpc_software.o(i.PIN_INT7_IRQHandler)
    i.SystemInit                             0x00000624   Section        0  system_lpc82x.o(i.SystemInit)
    i.__NVIC_DisableIRQ                      0x000006bc   Section        0  lpc_software.o(i.__NVIC_DisableIRQ)
    __NVIC_DisableIRQ                        0x000006bd   Thumb Code    50  lpc_software.o(i.__NVIC_DisableIRQ)
    i.__NVIC_EnableIRQ                       0x000006f4   Section        0  lpc_software.o(i.__NVIC_EnableIRQ)
    __NVIC_EnableIRQ                         0x000006f5   Thumb Code    18  lpc_software.o(i.__NVIC_EnableIRQ)
    i.initial_MRT                            0x0000070c   Section        0  lpc_software.o(i.initial_MRT)
    i.initial_pinint                         0x00000730   Section        0  lpc_software.o(i.initial_pinint)
    i.initial_pll                            0x000007a8   Section        0  lpc_software.o(i.initial_pll)
    i.main                                   0x000007fc   Section        0  lpc_software.o(i.main)
    i.test                                   0x00000838   Section        0  lpc_software.o(i.test)
    .data                                    0x10000000   Section       20  lpc_software.o(.data)
    .bss                                     0x10000014   Section       80  lpc_software.o(.bss)
    .bss                                     0x10000064   Section       96  libspace.o(.bss)
    HEAP                                     0x100000c8   Section        0  startup_lpc82x.o(HEAP)
    STACK                                    0x100000c8   Section      512  startup_lpc82x.o(STACK)
    Heap_Mem                                 0x100000c8   Data           0  startup_lpc82x.o(HEAP)
    Stack_Mem                                0x100000c8   Data         512  startup_lpc82x.o(STACK)
    __initial_sp                             0x100002c8   Data           0  startup_lpc82x.o(STACK)

    Global Symbols

    Symbol Name                              Value     Ov Type        Size  Object(Section)

    BuildAttributes$$THM_ISAv3M$S$PE$A:L22$X:L11$S22$IEEE1$IW$USESV6$~STKCKD$USESV7$~SHL$OSPACE$ROPI$EBA8$UX$STANDARDLIB$REQ8$PRES8$EABIv2 0x00000000   Number         0  anon$$obj.o ABSOLUTE
    __ARM_use_no_argv                        0x00000000   Number         0  lpc_software.o ABSOLUTE
    __Vectors                                0x00000000   Data           4  startup_lpc82x.o(RESET)
    __ARM_exceptions_init                     - Undefined Weak Reference
    __alloca_initialize                       - Undefined Weak Reference
    __arm_preinit_                            - Undefined Weak Reference
    __cpp_initialize__aeabi_                  - Undefined Weak Reference
    __cxa_finalize                            - Undefined Weak Reference
    __rt_locale                               - Undefined Weak Reference
    __sigvec_lookup                           - Undefined Weak Reference
    _atexit_init                              - Undefined Weak Reference
    _call_atexit_fns                          - Undefined Weak Reference
    _clock_init                               - Undefined Weak Reference
    _fp_trap_init                             - Undefined Weak Reference
    _fp_trap_shutdown                         - Undefined Weak Reference
    _get_lc_collate                           - Undefined Weak Reference
    _get_lc_ctype                             - Undefined Weak Reference
    _get_lc_monetary                          - Undefined Weak Reference
    _get_lc_numeric                           - Undefined Weak Reference
    _get_lc_time                              - Undefined Weak Reference
    _getenv_init                              - Undefined Weak Reference
    _handle_redirection                       - Undefined Weak Reference
    _init_alloc                               - Undefined Weak Reference
    _init_user_alloc                          - Undefined Weak Reference
    _initio                                   - Undefined Weak Reference
    _rand_init                                - Undefined Weak Reference
    _signal_finish                            - Undefined Weak Reference
    _signal_init                              - Undefined Weak Reference
    _terminate_alloc                          - Undefined Weak Reference
    _terminate_user_alloc                     - Undefined Weak Reference
    _terminateio                              - Undefined Weak Reference
    __main                                   0x000000c1   Thumb Code     8  __main.o(!!!main)
    __scatterload                            0x000000c9   Thumb Code     0  __scatter.o(!!!scatter)
    __scatterload_rt2                        0x000000c9   Thumb Code    52  __scatter.o(!!!scatter)
    __scatterload_rt2_thumb_only             0x000000c9   Thumb Code     0  __scatter.o(!!!scatter)
    __scatterload_null                       0x000000d9   Thumb Code     0  __scatter.o(!!!scatter)
    __scatterload_copy                       0x00000105   Thumb Code    26  __scatter_copy.o(!!handler_copy)
    __scatterload_zeroinit                   0x00000121   Thumb Code    28  __scatter_zi.o(!!handler_zi)
    __rt_lib_init                            0x0000013d   Thumb Code     0  libinit.o(.ARM.Collect$$libinit$$00000000)
    __rt_lib_init_alloca_1                   0x0000013f   Thumb Code     0  libinit2.o(.ARM.Collect$$libinit$$0000002E)
    __rt_lib_init_argv_1                     0x0000013f   Thumb Code     0  libinit2.o(.ARM.Collect$$libinit$$0000002C)
    __rt_lib_init_atexit_1                   0x0000013f   Thumb Code     0  libinit2.o(.ARM.Collect$$libinit$$0000001B)
    __rt_lib_init_clock_1                    0x0000013f   Thumb Code     0  libinit2.o(.ARM.Collect$$libinit$$00000021)
    __rt_lib_init_cpp_1                      0x0000013f   Thumb Code     0  libinit2.o(.ARM.Collect$$libinit$$00000032)
    __rt_lib_init_exceptions_1               0x0000013f   Thumb Code     0  libinit2.o(.ARM.Collect$$libinit$$00000030)
    __rt_lib_init_fp_1                       0x0000013f   Thumb Code     0  libinit2.o(.ARM.Collect$$libinit$$00000002)
    __rt_lib_init_fp_trap_1                  0x0000013f   Thumb Code     0  libinit2.o(.ARM.Collect$$libinit$$0000001F)
    __rt_lib_init_getenv_1                   0x0000013f   Thumb Code     0  libinit2.o(.ARM.Collect$$libinit$$00000023)
    __rt_lib_init_heap_1                     0x0000013f   Thumb Code     0  libinit2.o(.ARM.Collect$$libinit$$0000000A)
    __rt_lib_init_lc_collate_1               0x0000013f   Thumb Code     0  libinit2.o(.ARM.Collect$$libinit$$00000011)
    __rt_lib_init_lc_ctype_1                 0x0000013f   Thumb Code     0  libinit2.o(.ARM.Collect$$libinit$$00000013)
    __rt_lib_init_lc_monetary_1              0x0000013f   Thumb Code     0  libinit2.o(.ARM.Collect$$libinit$$00000015)
    __rt_lib_init_lc_numeric_1               0x0000013f   Thumb Code     0  libinit2.o(.ARM.Collect$$libinit$$00000017)
    __rt_lib_init_lc_time_1                  0x0000013f   Thumb Code     0  libinit2.o(.ARM.Collect$$libinit$$00000019)
    __rt_lib_init_preinit_1                  0x0000013f   Thumb Code     0  libinit2.o(.ARM.Collect$$libinit$$00000004)
    __rt_lib_init_rand_1                     0x0000013f   Thumb Code     0  libinit2.o(.ARM.Collect$$libinit$$0000000E)
    __rt_lib_init_return                     0x0000013f   Thumb Code     0  libinit2.o(.ARM.Collect$$libinit$$00000033)
    __rt_lib_init_signal_1                   0x0000013f   Thumb Code     0  libinit2.o(.ARM.Collect$$libinit$$0000001D)
    __rt_lib_init_stdio_1                    0x0000013f   Thumb Code     0  libinit2.o(.ARM.Collect$$libinit$$00000025)
    __rt_lib_init_user_alloc_1               0x0000013f   Thumb Code     0  libinit2.o(.ARM.Collect$$libinit$$0000000C)
    __rt_lib_shutdown                        0x00000141   Thumb Code     0  libshutdown.o(.ARM.Collect$$libshutdown$$00000000)
    __rt_lib_shutdown_cpp_1                  0x00000143   Thumb Code     0  libshutdown2.o(.ARM.Collect$$libshutdown$$00000002)
    __rt_lib_shutdown_fp_trap_1              0x00000143   Thumb Code     0  libshutdown2.o(.ARM.Collect$$libshutdown$$00000007)
    __rt_lib_shutdown_heap_1                 0x00000143   Thumb Code     0  libshutdown2.o(.ARM.Collect$$libshutdown$$0000000F)
    __rt_lib_shutdown_return                 0x00000143   Thumb Code     0  libshutdown2.o(.ARM.Collect$$libshutdown$$00000010)
    __rt_lib_shutdown_signal_1               0x00000143   Thumb Code     0  libshutdown2.o(.ARM.Collect$$libshutdown$$0000000A)
    __rt_lib_shutdown_stdio_1                0x00000143   Thumb Code     0  libshutdown2.o(.ARM.Collect$$libshutdown$$00000004)
    __rt_lib_shutdown_user_alloc_1           0x00000143   Thumb Code     0  libshutdown2.o(.ARM.Collect$$libshutdown$$0000000C)
    __rt_entry                               0x00000145   Thumb Code     0  __rtentry.o(.ARM.Collect$$rtentry$$00000000)
    __rt_entry_presh_1                       0x00000145   Thumb Code     0  __rtentry2.o(.ARM.Collect$$rtentry$$00000002)
    __rt_entry_sh                            0x00000145   Thumb Code     0  __rtentry4.o(.ARM.Collect$$rtentry$$00000004)
    __rt_entry_li                            0x0000014b   Thumb Code     0  __rtentry2.o(.ARM.Collect$$rtentry$$0000000A)
    __rt_entry_postsh_1                      0x0000014b   Thumb Code     0  __rtentry2.o(.ARM.Collect$$rtentry$$00000009)
    __rt_entry_main                          0x0000014f   Thumb Code     0  __rtentry2.o(.ARM.Collect$$rtentry$$0000000D)
    __rt_entry_postli_1                      0x0000014f   Thumb Code     0  __rtentry2.o(.ARM.Collect$$rtentry$$0000000C)
    __rt_exit                                0x00000157   Thumb Code     0  rtexit.o(.ARM.Collect$$rtexit$$00000000)
    __rt_exit_ls                             0x00000159   Thumb Code     0  rtexit2.o(.ARM.Collect$$rtexit$$00000003)
    __rt_exit_prels_1                        0x00000159   Thumb Code     0  rtexit2.o(.ARM.Collect$$rtexit$$00000002)
    __rt_exit_exit                           0x0000015d   Thumb Code     0  rtexit2.o(.ARM.Collect$$rtexit$$00000004)
    Reset_Handler                            0x00000165   Thumb Code     8  startup_lpc82x.o(.text)
    NMI_Handler                              0x0000016d   Thumb Code     2  startup_lpc82x.o(.text)
    HardFault_Handler                        0x0000016f   Thumb Code     2  startup_lpc82x.o(.text)
    SVC_Handler                              0x00000171   Thumb Code     2  startup_lpc82x.o(.text)
    PendSV_Handler                           0x00000173   Thumb Code     2  startup_lpc82x.o(.text)
    SysTick_Handler                          0x00000175   Thumb Code     2  startup_lpc82x.o(.text)
    ADC_OVR_IRQHandler                       0x00000177   Thumb Code     0  startup_lpc82x.o(.text)
    ADC_SEQA_IRQHandler                      0x00000177   Thumb Code     0  startup_lpc82x.o(.text)
    ADC_SEQB_IRQHandler                      0x00000177   Thumb Code     0  startup_lpc82x.o(.text)
    ADC_THCMP_IRQ                            0x00000177   Thumb Code     0  startup_lpc82x.o(.text)
    BOD_IRQHandler                           0x00000177   Thumb Code     0  startup_lpc82x.o(.text)
    CMP_IRQHandler                           0x00000177   Thumb Code     0  startup_lpc82x.o(.text)
    DMA_IRQHandler                           0x00000177   Thumb Code     0  startup_lpc82x.o(.text)
    FLASH_IRQHandler                         0x00000177   Thumb Code     0  startup_lpc82x.o(.text)
    I2C0_IRQHandler                          0x00000177   Thumb Code     0  startup_lpc82x.o(.text)
    I2C1_IRQHandler                          0x00000177   Thumb Code     0  startup_lpc82x.o(.text)
    I2C2_IRQHandler                          0x00000177   Thumb Code     0  startup_lpc82x.o(.text)
    I2C3_IRQHandler                          0x00000177   Thumb Code     0  startup_lpc82x.o(.text)
    MRT_IRQHandler                           0x00000177   Thumb Code     0  startup_lpc82x.o(.text)
    SCT_IRQHandler                           0x00000177   Thumb Code     0  startup_lpc82x.o(.text)
    SPI0_IRQHandler                          0x00000177   Thumb Code     0  startup_lpc82x.o(.text)
    SPI1_IRQHandler                          0x00000177   Thumb Code     0  startup_lpc82x.o(.text)
    UART0_IRQHandler                         0x00000177   Thumb Code     0  startup_lpc82x.o(.text)
    UART1_IRQHandler                         0x00000177   Thumb Code     0  startup_lpc82x.o(.text)
    UART2_IRQHandler                         0x00000177   Thumb Code     0  startup_lpc82x.o(.text)
    WDT_IRQHandler                           0x00000177   Thumb Code     0  startup_lpc82x.o(.text)
    WKT_IRQHandler                           0x00000177   Thumb Code     0  startup_lpc82x.o(.text)
    __user_initial_stackheap                 0x00000179   Thumb Code     0  startup_lpc82x.o(.text)
    __use_two_region_memory                  0x00000199   Thumb Code     2  heapauxi.o(.text)
    __rt_heap_escrow$2region                 0x0000019b   Thumb Code     2  heapauxi.o(.text)
    __rt_heap_expand$2region                 0x0000019d   Thumb Code     2  heapauxi.o(.text)
    __user_setup_stackheap                   0x0000019f   Thumb Code    62  sys_stackheap_outer.o(.text)
    exit                                     0x000001dd   Thumb Code    16  exit.o(.text)
    __user_libspace                          0x000001ed   Thumb Code     8  libspace.o(.text)
    __user_perproc_libspace                  0x000001ed   Thumb Code     0  libspace.o(.text)
    __user_perthread_libspace                0x000001ed   Thumb Code     0  libspace.o(.text)
    _sys_exit                                0x000001f5   Thumb Code     8  sys_exit.o(.text)
    __I$use$semihosting                      0x00000201   Thumb Code     0  use_no_semi.o(.text)
    __use_no_semihosting_swi                 0x00000201   Thumb Code     2  use_no_semi.o(.text)
    __semihosting_library_function           0x00000203   Thumb Code     0  indicate_semi.o(.text)
    I2C0_read_adres_2bytesdata               0x00000205   Thumb Code   168  lpc_software.o(i.I2C0_read_adres_2bytesdata)
    I2C0_send_adres_intdata                  0x000002b1   Thumb Code    36  lpc_software.o(i.I2C0_send_adres_intdata)
    __ARM_common_switch8                     0x000002d5   Thumb Code    28  lpc_software.o(i.__ARM_common_switch8)
    I2C0_send_adres_data                     0x00000301   Thumb Code   104  lpc_software.o(i.I2C0_send_adres_data)
    I2C_init                                 0x0000036d   Thumb Code   106  lpc_software.o(i.I2C_init)
    PIN_INT0_IRQHandler                      0x000003e5   Thumb Code    54  lpc_software.o(i.PIN_INT0_IRQHandler)
    PIN_INT1_IRQHandler                      0x0000042d   Thumb Code    54  lpc_software.o(i.PIN_INT1_IRQHandler)
    PIN_INT2_IRQHandler                      0x00000475   Thumb Code    54  lpc_software.o(i.PIN_INT2_IRQHandler)
    PIN_INT3_IRQHandler                      0x000004bd   Thumb Code    54  lpc_software.o(i.PIN_INT3_IRQHandler)
    PIN_INT4_IRQHandler                      0x00000505   Thumb Code    54  lpc_software.o(i.PIN_INT4_IRQHandler)
    PIN_INT5_IRQHandler                      0x0000054d   Thumb Code    54  lpc_software.o(i.PIN_INT5_IRQHandler)
    PIN_INT6_IRQHandler                      0x00000595   Thumb Code    54  lpc_software.o(i.PIN_INT6_IRQHandler)
    PIN_INT7_IRQHandler                      0x000005dd   Thumb Code    54  lpc_software.o(i.PIN_INT7_IRQHandler)
    SystemInit                               0x00000625   Thumb Code   138  system_lpc82x.o(i.SystemInit)
    initial_MRT                              0x0000070d   Thumb Code    32  lpc_software.o(i.initial_MRT)
    initial_pinint                           0x00000731   Thumb Code   112  lpc_software.o(i.initial_pinint)
    initial_pll                              0x000007a9   Thumb Code    76  lpc_software.o(i.initial_pll)
    main                                     0x000007fd   Thumb Code    56  lpc_software.o(i.main)
    test                                     0x00000839   Thumb Code   208  lpc_software.o(i.test)
    Region$$Table$$Base                      0x0000091c   Number         0  anon$$obj.o(Region$$Table)
    Region$$Table$$Limit                     0x0000093c   Number         0  anon$$obj.o(Region$$Table)
    count                                    0x10000000   Data           4  lpc_software.o(.data)
    count_end                                0x10000004   Data           4  lpc_software.o(.data)
    time1                                    0x10000008   Data           4  lpc_software.o(.data)
    data_i2c                                 0x1000000c   Data           4  lpc_software.o(.data)
    pin                                      0x10000010   Data           4  lpc_software.o(.data)
    timer                                    0x10000014   Data          80  lpc_software.o(.bss)
    __libspace_start                         0x10000064   Data          96  libspace.o(.bss)
    __temporary_stack_top$libspace           0x100000c4   Data           0  libspace.o(.bss)



==============================================================================

Memory Map of the image

  Image Entry point : 0x00000165

  Load Region LR_1 (Base: 0x00000000, Size: 0x00000950, Max: 0xffffffff, ABSOLUTE)

    Execution Region ER_RO (Base: 0x00000000, Size: 0x0000093c, Max: 0xffffffff, ABSOLUTE)

    Base Addr    Size         Type   Attr      Idx    E Section Name        Object

    0x00000000   0x000000c0   Data   RO          181    RESET               startup_lpc82x.o
    0x000000c0   0x00000008   Code   RO          235  * !!!main             c_p.l(__main.o)
    0x000000c8   0x0000003c   Code   RO          404    !!!scatter          c_p.l(__scatter.o)
    0x00000104   0x0000001a   Code   RO          406    !!handler_copy      c_p.l(__scatter_copy.o)
    0x0000011e   0x00000002   PAD
    0x00000120   0x0000001c   Code   RO          408    !!handler_zi        c_p.l(__scatter_zi.o)
    0x0000013c   0x00000002   Code   RO          273    .ARM.Collect$$libinit$$00000000  c_p.l(libinit.o)
    0x0000013e   0x00000000   Code   RO          287    .ARM.Collect$$libinit$$00000002  c_p.l(libinit2.o)
    0x0000013e   0x00000000   Code   RO          289    .ARM.Collect$$libinit$$00000004  c_p.l(libinit2.o)
    0x0000013e   0x00000000   Code   RO          292    .ARM.Collect$$libinit$$0000000A  c_p.l(libinit2.o)
    0x0000013e   0x00000000   Code   RO          294    .ARM.Collect$$libinit$$0000000C  c_p.l(libinit2.o)
    0x0000013e   0x00000000   Code   RO          296    .ARM.Collect$$libinit$$0000000E  c_p.l(libinit2.o)
    0x0000013e   0x00000000   Code   RO          299    .ARM.Collect$$libinit$$00000011  c_p.l(libinit2.o)
    0x0000013e   0x00000000   Code   RO          301    .ARM.Collect$$libinit$$00000013  c_p.l(libinit2.o)
    0x0000013e   0x00000000   Code   RO          303    .ARM.Collect$$libinit$$00000015  c_p.l(libinit2.o)
    0x0000013e   0x00000000   Code   RO          305    .ARM.Collect$$libinit$$00000017  c_p.l(libinit2.o)
    0x0000013e   0x00000000   Code   RO          307    .ARM.Collect$$libinit$$00000019  c_p.l(libinit2.o)
    0x0000013e   0x00000000   Code   RO          309    .ARM.Collect$$libinit$$0000001B  c_p.l(libinit2.o)
    0x0000013e   0x00000000   Code   RO          311    .ARM.Collect$$libinit$$0000001D  c_p.l(libinit2.o)
    0x0000013e   0x00000000   Code   RO          313    .ARM.Collect$$libinit$$0000001F  c_p.l(libinit2.o)
    0x0000013e   0x00000000   Code   RO          315    .ARM.Collect$$libinit$$00000021  c_p.l(libinit2.o)
    0x0000013e   0x00000000   Code   RO          317    .ARM.Collect$$libinit$$00000023  c_p.l(libinit2.o)
    0x0000013e   0x00000000   Code   RO          319    .ARM.Collect$$libinit$$00000025  c_p.l(libinit2.o)
    0x0000013e   0x00000000   Code   RO          323    .ARM.Collect$$libinit$$0000002C  c_p.l(libinit2.o)
    0x0000013e   0x00000000   Code   RO          325    .ARM.Collect$$libinit$$0000002E  c_p.l(libinit2.o)
    0x0000013e   0x00000000   Code   RO          327    .ARM.Collect$$libinit$$00000030  c_p.l(libinit2.o)
    0x0000013e   0x00000000   Code   RO          329    .ARM.Collect$$libinit$$00000032  c_p.l(libinit2.o)
    0x0000013e   0x00000002   Code   RO          330    .ARM.Collect$$libinit$$00000033  c_p.l(libinit2.o)
    0x00000140   0x00000002   Code   RO          361    .ARM.Collect$$libshutdown$$00000000  c_p.l(libshutdown.o)
    0x00000142   0x00000000   Code   RO          387    .ARM.Collect$$libshutdown$$00000002  c_p.l(libshutdown2.o)
    0x00000142   0x00000000   Code   RO          389    .ARM.Collect$$libshutdown$$00000004  c_p.l(libshutdown2.o)
    0x00000142   0x00000000   Code   RO          392    .ARM.Collect$$libshutdown$$00000007  c_p.l(libshutdown2.o)
    0x00000142   0x00000000   Code   RO          395    .ARM.Collect$$libshutdown$$0000000A  c_p.l(libshutdown2.o)
    0x00000142   0x00000000   Code   RO          397    .ARM.Collect$$libshutdown$$0000000C  c_p.l(libshutdown2.o)
    0x00000142   0x00000000   Code   RO          400    .ARM.Collect$$libshutdown$$0000000F  c_p.l(libshutdown2.o)
    0x00000142   0x00000002   Code   RO          401    .ARM.Collect$$libshutdown$$00000010  c_p.l(libshutdown2.o)
    0x00000144   0x00000000   Code   RO          237    .ARM.Collect$$rtentry$$00000000  c_p.l(__rtentry.o)
    0x00000144   0x00000000   Code   RO          243    .ARM.Collect$$rtentry$$00000002  c_p.l(__rtentry2.o)
    0x00000144   0x00000006   Code   RO          255    .ARM.Collect$$rtentry$$00000004  c_p.l(__rtentry4.o)
    0x0000014a   0x00000000   Code   RO          245    .ARM.Collect$$rtentry$$00000009  c_p.l(__rtentry2.o)
    0x0000014a   0x00000004   Code   RO          246    .ARM.Collect$$rtentry$$0000000A  c_p.l(__rtentry2.o)
    0x0000014e   0x00000000   Code   RO          248    .ARM.Collect$$rtentry$$0000000C  c_p.l(__rtentry2.o)
    0x0000014e   0x00000008   Code   RO          249    .ARM.Collect$$rtentry$$0000000D  c_p.l(__rtentry2.o)
    0x00000156   0x00000002   Code   RO          278    .ARM.Collect$$rtexit$$00000000  c_p.l(rtexit.o)
    0x00000158   0x00000000   Code   RO          334    .ARM.Collect$$rtexit$$00000002  c_p.l(rtexit2.o)
    0x00000158   0x00000004   Code   RO          335    .ARM.Collect$$rtexit$$00000003  c_p.l(rtexit2.o)
    0x0000015c   0x00000006   Code   RO          336    .ARM.Collect$$rtexit$$00000004  c_p.l(rtexit2.o)
    0x00000162   0x00000002   PAD
    0x00000164   0x00000034   Code   RO          183  * .text               startup_lpc82x.o
    0x00000198   0x00000006   Code   RO          233    .text               c_p.l(heapauxi.o)
    0x0000019e   0x0000003e   Code   RO          259    .text               c_p.l(sys_stackheap_outer.o)
    0x000001dc   0x00000010   Code   RO          262    .text               c_p.l(exit.o)
    0x000001ec   0x00000008   Code   RO          274    .text               c_p.l(libspace.o)
    0x000001f4   0x0000000c   Code   RO          331    .text               c_p.l(sys_exit.o)
    0x00000200   0x00000002   Code   RO          350    .text               c_p.l(use_no_semi.o)
    0x00000202   0x00000000   Code   RO          352    .text               c_p.l(indicate_semi.o)
    0x00000202   0x00000002   PAD
    0x00000204   0x000000ac   Code   RO            3    i.I2C0_read_adres_2bytesdata  lpc_software.o
    0x000002b0   0x00000024   Code   RO            7    i.I2C0_send_adres_intdata  lpc_software.o
    0x000002d4   0x0000001c   Code   RO          153    i.__ARM_common_switch8  lpc_software.o
    0x000002f0   0x0000000c   PAD
    0x000002fc   0x00000004   Code   RO          182    .ARM.__at_0x02FC    startup_lpc82x.o
    0x00000300   0x0000006c   Code   RO            6    i.I2C0_send_adres_data  lpc_software.o
    0x0000036c   0x00000078   Code   RO            8    i.I2C_init          lpc_software.o
    0x000003e4   0x00000048   Code   RO            9    i.PIN_INT0_IRQHandler  lpc_software.o
    0x0000042c   0x00000048   Code   RO           10    i.PIN_INT1_IRQHandler  lpc_software.o
    0x00000474   0x00000048   Code   RO           11    i.PIN_INT2_IRQHandler  lpc_software.o
    0x000004bc   0x00000048   Code   RO           12    i.PIN_INT3_IRQHandler  lpc_software.o
    0x00000504   0x00000048   Code   RO           13    i.PIN_INT4_IRQHandler  lpc_software.o
    0x0000054c   0x00000048   Code   RO           14    i.PIN_INT5_IRQHandler  lpc_software.o
    0x00000594   0x00000048   Code   RO           15    i.PIN_INT6_IRQHandler  lpc_software.o
    0x000005dc   0x00000048   Code   RO           16    i.PIN_INT7_IRQHandler  lpc_software.o
    0x00000624   0x00000098   Code   RO          192    i.SystemInit        system_lpc82x.o
    0x000006bc   0x00000038   Code   RO           17    i.__NVIC_DisableIRQ  lpc_software.o
    0x000006f4   0x00000018   Code   RO           18    i.__NVIC_EnableIRQ  lpc_software.o
    0x0000070c   0x00000024   Code   RO           20    i.initial_MRT       lpc_software.o
    0x00000730   0x00000078   Code   RO           22    i.initial_pinint    lpc_software.o
    0x000007a8   0x00000054   Code   RO           23    i.initial_pll       lpc_software.o
    0x000007fc   0x0000003c   Code   RO           24    i.main              lpc_software.o
    0x00000838   0x000000e4   Code   RO           25    i.test              lpc_software.o
    0x0000091c   0x00000020   Data   RO          402    Region$$Table       anon$$obj.o


    Execution Region ER_RW (Base: 0x10000000, Size: 0x00000014, Max: 0xffffffff, ABSOLUTE)

    Base Addr    Size         Type   Attr      Idx    E Section Name        Object

    0x10000000   0x00000014   Data   RW           27    .data               lpc_software.o


    Execution Region ER_ZI (Base: 0x10000014, Size: 0x000002b4, Max: 0xffffffff, ABSOLUTE)

    Base Addr    Size         Type   Attr      Idx    E Section Name        Object

    0x10000014   0x00000050   Zero   RW           26    .bss                lpc_software.o
    0x10000064   0x00000060   Zero   RW          275    .bss                c_p.l(libspace.o)
    0x100000c4   0x00000004   PAD
    0x100000c8   0x00000000   Zero   RW          180    HEAP                startup_lpc82x.o
    0x100000c8   0x00000200   Zero   RW          179    STACK               startup_lpc82x.o


==============================================================================

Image component sizes


      Code (inc. data)   RO Data    RW Data    ZI Data      Debug   Object Name

      1648        232          0         20         80      33567   lpc_software.o
        56         26        192          0        512        844   startup_lpc82x.o
       152         14          0          0          0        533   system_lpc82x.o

    ----------------------------------------------------------------------
      1868        272        224         20        592      34944   Object Totals
         0          0         32          0          0          0   (incl. Generated)
        12          0          0          0          0          0   (incl. Padding)

    ----------------------------------------------------------------------

      Code (inc. data)   RO Data    RW Data    ZI Data      Debug   Library Member Name

         8          0          0          0          0         68   __main.o
         0          0          0          0          0          0   __rtentry.o
        12          0          0          0          0          0   __rtentry2.o
         6          0          0          0          0          0   __rtentry4.o
        60          8          0          0          0          0   __scatter.o
        26          0          0          0          0          0   __scatter_copy.o
        28          0          0          0          0          0   __scatter_zi.o
        16          0          0          0          0         68   exit.o
         6          0          0          0          0        136   heapauxi.o
         0          0          0          0          0          0   indicate_semi.o
         2          0          0          0          0          0   libinit.o
         2          0          0          0          0          0   libinit2.o
         2          0          0          0          0          0   libshutdown.o
         2          0          0          0          0          0   libshutdown2.o
         8          4          0          0         96         68   libspace.o
         2          0          0          0          0          0   rtexit.o
        10          0          0          0          0          0   rtexit2.o
        12          4          0          0          0         60   sys_exit.o
        62          0          0          0          0         80   sys_stackheap_outer.o
         2          0          0          0          0         68   use_no_semi.o

    ----------------------------------------------------------------------
       272         16          0          0        100        548   Library Totals
         6          0          0          0          4          0   (incl. Padding)

    ----------------------------------------------------------------------

      Code (inc. data)   RO Data    RW Data    ZI Data      Debug   Library Name

       266         16          0          0         96        548   c_p.l

    ----------------------------------------------------------------------
       272         16          0          0        100        548   Library Totals

    ----------------------------------------------------------------------

==============================================================================


      Code (inc. data)   RO Data    RW Data    ZI Data      Debug   

      2140        288        224         20        692      34564   Grand Totals
      2140        288        224         20        692      34564   ELF Image Totals
      2140        288        224         20          0          0   ROM Totals

==============================================================================

    Total RO  Size (Code + RO Data)                 2364 (   2.31kB)
    Total RW  Size (RW Data + ZI Data)               712 (   0.70kB)
    Total ROM Size (Code + RO Data + RW Data)       2384 (   2.33kB)

==============================================================================

